
> caps360-backend@1.0.0 build
> tsc

src/services/ai.service.ts(36,31): error TS6133: 'error' is declared but its value is never read.
